// Jest Snapshot v1, https://goo.gl/fbAQLP

exports[`<FormHome /> deve dar match com o snapshot 1`] = `
<form
  class="form-group"
>
  <label
    for=""
  >
    <img
      alt=""
      src="ic_busca.svg"
    />
  </label>
  <input
    placeholder="Procure por um herÃ³i"
    type="text"
    value=""
  />
  <span
    class="error"
  />
</form>
`;
